Microchip MPLAB XC8 Compiler V1.21 ()

Linker command line:

--edf=C:\Program Files (x86)\Microchip\xc8\v1.21\dat\en_msgs.txt -cs \
  -h+dist/default/production\UniversalPPU.X.production.sym \
  --cmf=dist/default/production\UniversalPPU.X.production.cmf -z -Q18F46K22 \
  -oC:\Users\Spork\AppData\Local\Temp\s1p4.6 \
  -Mdist/default/production/UniversalPPU.X.production.map -E1 -ver=XC8 \
  -ACODE=00h-0FFFFh -ACONST=00h-0FFFFh -ASMALLCONST=01000h-010FFhx240 \
  -AMEDIUMCONST=01000h-0FFFFh -ACOMRAM=01h-05Fh -AABS1=00h-0F37h \
  -ABIGRAM=01h-0F37h -ARAM=060h-0FFh,0100h-01FFhx14,0F00h-0F37h \
  -ABANK0=060h-0FFh -ABANK1=0100h-01FFh -ABANK2=0200h-02FFh \
  -ABANK3=0300h-03FFh -ABANK4=0400h-04FFh -ABANK5=0500h-05FFh \
  -ABANK6=0600h-06FFh -ABANK7=0700h-07FFh -ABANK8=0800h-08FFh \
  -ABANK9=0900h-09FFh -ABANK10=0A00h-0AFFh -ABANK11=0B00h-0BFFh \
  -ABANK12=0C00h-0CFFh -ABANK13=0D00h-0DFFh -ABANK14=0E00h-0EFFh \
  -ABANK15=0F00h-0F37h -ASFR=0F38h-0F5Fh,0F60h-0FFFh \
  -preset_vec=00h,intcode,intcodelo,powerup,init,end_init -pramtop=01000h \
  -psmallconst=SMALLCONST -pmediumconst=MEDIUMCONST -pconst=CONST \
  -AFARRAM=00h-00h -ACONFIG=0300000h-030000Dh -pconfig=CONFIG \
  -AIDLOC=0200000h-0200007h -pidloc=IDLOC -AEEDATA=0F00000h-0F003FFh \
  -peeprom_data=EEDATA \
  -prdata=COMRAM,nvrram=COMRAM,nvbit=COMRAM,rbss=COMRAM,rbit=COMRAM \
  -pfarbss=FARRAM,fardata=FARRAM,nvFARRAM=FARRAM \
  -pintsave_regs=BIGRAM,bigbss=BIGRAM,bigdata=BIGRAM -pbss=RAM \
  -pidata=CODE,irdata=CODE,ibigdata=CODE,ifardata=CODE \
  C:\Users\Spork\AppData\Local\Temp\s1p4.obj \
  dist/default/production\UniversalPPU.X.production.obj 

Object code version is 3.11

Machine type is 18F46K22

Call graph: (short form)




                Name                               Link     Load   Length Selector   Space Scale
C:\Users\Spork\AppData\Local\Temp\s1p4.obj
                end_init                              0        0        4        0       0
                idloc                            200000   200000        8   200000       0
                config                           300000   300000        E   300000       0
dist/default/production\UniversalPPU.X.production.obj
                mediumconst                        FEC2     FEC2      13E     7F61       0
                text53                             E872     E872       16     7439       0
                text52                             E85E     E85E       14     742F       0
                text51                             E888     E888       18     7444       0
                text50                             E8E8     E8E8       1A     7474       0
                text49                             EEF0     EEF0       80     7778       0
                text48                             E9AE     E9AE       22     74D7       0
                text47                             E9D0     E9D0       22     74E8       0
                text46                             EBA8     EBA8       3A     75D4       0
                text45                             F16C     F16C      194     78B6       0
                text44                             E80E     E80E        A     7407       0
                text43                             E8A0     E8A0       18     7450       0
                text42                             EC56     EC56       3C     762B       0
                text41                             E818     E818        A     740C       0
                text40                             E7E6     E7E6        8     73F3       0
                text39                             E7EE     E7EE        8     73F7       0
                text38                             E936     E936       1E     749B       0
                text37                             F000     F000       B2     7800       0
                text36                             EE04     EE04       70     7702       0
                text35                             E822     E822        A     7411       0
                text34                             E7F6     E7F6        8     73FB       0
                text33                             E7FE     E7FE        8     73FF       0
                text32                             E8B8     E8B8       18     745C       0
                text31                             E806     E806        8     7403       0
                text30                             E8D0     E8D0       18     7468       0
                text29                             E954     E954       1E     74AA       0
                text28                             E9F2     E9F2       26     74F9       0
                text27                             E82C     E82C        A     7416       0
                text26                             E902     E902       1A     7481       0
                text25                             EF70     EF70       90     77B8       0
                text24                             EA44     EA44       2E     7522       0
                text23                             E840     E840        E     7420       0
                text22                             F0B2     F0B2       BA     7859       0
                text21                             ECD4     ECD4       46     766A       0
                text20                             EA18     EA18       2C     750C       0
                text19                             EA72     EA72       2E     7539       0
                text18                             EBE2     EBE2       3A     75F1       0
                text17                             F300     F300      24E     7980       0
                text16                             E836     E836        A     741B       0
                text15                             EC92     EC92       42     7649       0
                text14                             E7E0     E7E0        6     73F0       0
                text13                             EAA0     EAA0       34     7550       0
                text12                             EE74     EE74       7C     773A       0
                text11                             E91C     E91C       1A     748E       0
                text10                             EB3C     EB3C       36     759E       0
                text9                              E84E     E84E       10     7427       0
                text8                              EC1C     EC1C       3A     760E       0
                text7                              E972     E972       1E     74B9       0
                text6                              EAD4     EAD4       34     756A       0
                text5                              EB08     EB08       34     7584       0
                text4                              EB72     EB72       36     75B9       0
                text3                              E990     E990       1E     74C8       0
                text2                              ED64     ED64       4C     76B2       0
                text1                              EDB0     EDB0       54     76D8       0
                text0                              F54E     F54E      974     7AA7       0
                cstackCOMRAM                          1        1       25        1       1
                bssBIGRAM                           200      200      101      200       1
                bssBANK1                            100      100      100      100       1
                bssBANK0                             60       60       40       60       1
                bssCOMRAM                            26       26        6        1       1
                cinit                              ED1A     ED1A       4A     768D       0

TOTAL           Name                               Link     Load   Length     Space
        CLASS   CODE           
                end_init                              0        0        4         0
                text53                             E872     E872       16         0
                text52                             E85E     E85E       14         0
                text51                             E888     E888       18         0
                text50                             E8E8     E8E8       1A         0
                text49                             EEF0     EEF0       80         0
                text48                             E9AE     E9AE       22         0
                text47                             E9D0     E9D0       22         0
                text46                             EBA8     EBA8       3A         0
                text45                             F16C     F16C      194         0
                text44                             E80E     E80E        A         0
                text43                             E8A0     E8A0       18         0
                text42                             EC56     EC56       3C         0
                text41                             E818     E818        A         0
                text40                             E7E6     E7E6        8         0
                text39                             E7EE     E7EE        8         0
                text38                             E936     E936       1E         0
                text37                             F000     F000       B2         0
                text36                             EE04     EE04       70         0
                text35                             E822     E822        A         0
                text34                             E7F6     E7F6        8         0
                text33                             E7FE     E7FE        8         0
                text32                             E8B8     E8B8       18         0
                text31                             E806     E806        8         0
                text30                             E8D0     E8D0       18         0
                text29                             E954     E954       1E         0
                text28                             E9F2     E9F2       26         0
                text27                             E82C     E82C        A         0
                text26                             E902     E902       1A         0
                text25                             EF70     EF70       90         0
                text24                             EA44     EA44       2E         0
                text23                             E840     E840        E         0
                text22                             F0B2     F0B2       BA         0
                text21                             ECD4     ECD4       46         0
                text20                             EA18     EA18       2C         0
                text19                             EA72     EA72       2E         0
                text18                             EBE2     EBE2       3A         0
                text17                             F300     F300      24E         0
                text16                             E836     E836        A         0
                text15                             EC92     EC92       42         0
                text14                             E7E0     E7E0        6         0
                text13                             EAA0     EAA0       34         0
                text12                             EE74     EE74       7C         0
                text11                             E91C     E91C       1A         0
                text10                             EB3C     EB3C       36         0
                text9                              E84E     E84E       10         0
                text8                              EC1C     EC1C       3A         0
                text7                              E972     E972       1E         0
                text6                              EAD4     EAD4       34         0
                text5                              EB08     EB08       34         0
                text4                              EB72     EB72       36         0
                text3                              E990     E990       1E         0
                text2                              ED64     ED64       4C         0
                text1                              EDB0     EDB0       54         0
                text0                              F54E     F54E      974         0
                cinit                              ED1A     ED1A       4A         0

        CLASS   CONST          

        CLASS   SMALLCONST     

        CLASS   MEDIUMCONST    
                mediumconst                        FEC2     FEC2      13E         0

        CLASS   COMRAM         
                cstackCOMRAM                          1        1       25         1
                bssCOMRAM                            26       26        6         1

        CLASS   ABS1           

        CLASS   BIGRAM         
                bssBIGRAM                           200      200      101         1

        CLASS   RAM            

        CLASS   BANK0          
                bssBANK0                             60       60       40         1

        CLASS   BANK1          
                bssBANK1                            100      100      100         1

        CLASS   BANK2          

        CLASS   BANK3          

        CLASS   BANK4          

        CLASS   BANK5          

        CLASS   BANK6          

        CLASS   BANK7          

        CLASS   BANK8          

        CLASS   BANK9          

        CLASS   BANK10         

        CLASS   BANK11         

        CLASS   BANK12         

        CLASS   BANK13         

        CLASS   BANK14         

        CLASS   BANK15         

        CLASS   SFR            

        CLASS   FARRAM         

        CLASS   CONFIG         
                config                           300000   300000        E         0

        CLASS   IDLOC          
                idloc                            200000   200000        8         0

        CLASS   EEDATA         



SEGMENTS        Name                           Load    Length   Top    Selector   Space  Class

                reset_vec                      000000  000004  000004         0       0  CODE    
                cstackCOMRAM                   000001  00002B  00002C         1       1  COMRAM  
                bssBANK0                       000060  000040  0000A0        60       1  BANK0   
                bssBANK1                       000100  000100  000200       100       1  BANK1   
                bssBIGRAM                      000200  000101  000301       200       1  BIGRAM  
                text14                         00E7E0  000006  00E7E6      73F0       0  CODE    
                text40                         00E7E6  000008  00E7EE      73F3       0  CODE    
                text39                         00E7EE  000008  00E7F6      73F7       0  CODE    
                text34                         00E7F6  000008  00E7FE      73FB       0  CODE    
                text33                         00E7FE  000008  00E806      73FF       0  CODE    
                text31                         00E806  000008  00E80E      7403       0  CODE    
                text44                         00E80E  00000A  00E818      7407       0  CODE    
                text41                         00E818  00000A  00E822      740C       0  CODE    
                text35                         00E822  00000A  00E82C      7411       0  CODE    
                text27                         00E82C  00000A  00E836      7416       0  CODE    
                text16                         00E836  00000A  00E840      741B       0  CODE    
                text23                         00E840  00000E  00E84E      7420       0  CODE    
                text9                          00E84E  000010  00E85E      7427       0  CODE    
                text52                         00E85E  000014  00E872      742F       0  CODE    
                text53                         00E872  000016  00E888      7439       0  CODE    
                text51                         00E888  000018  00E8A0      7444       0  CODE    
                text43                         00E8A0  000018  00E8B8      7450       0  CODE    
                text32                         00E8B8  000018  00E8D0      745C       0  CODE    
                text30                         00E8D0  000018  00E8E8      7468       0  CODE    
                text50                         00E8E8  00001A  00E902      7474       0  CODE    
                text26                         00E902  00001A  00E91C      7481       0  CODE    
                text11                         00E91C  00001A  00E936      748E       0  CODE    
                text38                         00E936  00001E  00E954      749B       0  CODE    
                text29                         00E954  00001E  00E972      74AA       0  CODE    
                text7                          00E972  00001E  00E990      74B9       0  CODE    
                text3                          00E990  00001E  00E9AE      74C8       0  CODE    
                text48                         00E9AE  000022  00E9D0      74D7       0  CODE    
                text47                         00E9D0  000022  00E9F2      74E8       0  CODE    
                text28                         00E9F2  000026  00EA18      74F9       0  CODE    
                text20                         00EA18  00002C  00EA44      750C       0  CODE    
                text24                         00EA44  00002E  00EA72      7522       0  CODE    
                text19                         00EA72  00002E  00EAA0      7539       0  CODE    
                text13                         00EAA0  000034  00EAD4      7550       0  CODE    
                text6                          00EAD4  000034  00EB08      756A       0  CODE    
                text5                          00EB08  000034  00EB3C      7584       0  CODE    
                text10                         00EB3C  000036  00EB72      759E       0  CODE    
                text4                          00EB72  000036  00EBA8      75B9       0  CODE    
                text46                         00EBA8  00003A  00EBE2      75D4       0  CODE    
                text18                         00EBE2  00003A  00EC1C      75F1       0  CODE    
                text8                          00EC1C  00003A  00EC56      760E       0  CODE    
                text42                         00EC56  00003C  00EC92      762B       0  CODE    
                text15                         00EC92  000042  00ECD4      7649       0  CODE    
                text21                         00ECD4  000046  00ED1A      766A       0  CODE    
                cinit                          00ED1A  00004A  00ED64      768D       0  CODE    
                text2                          00ED64  00004C  00EDB0      76B2       0  CODE    
                text1                          00EDB0  000054  00EE04      76D8       0  CODE    
                text36                         00EE04  000070  00EE74      7702       0  CODE    
                text12                         00EE74  00007C  00EEF0      773A       0  CODE    
                text49                         00EEF0  000080  00EF70      7778       0  CODE    
                text25                         00EF70  000090  00F000      77B8       0  CODE    
                text37                         00F000  0000B2  00F0B2      7800       0  CODE    
                text22                         00F0B2  0000BA  00F16C      7859       0  CODE    
                text45                         00F16C  000194  00F300      78B6       0  CODE    
                text17                         00F300  00024E  00F54E      7980       0  CODE    
                text0                          00F54E  000974  00FEC2      7AA7       0  CODE    
                mediumconst                    00FEC2  00013E  010000      7F61       0  MEDIUMCO
                idloc                          200000  000008  200008    200000       0  IDLOC   
                config                         300000  00000E  30000E    300000       0  CONFIG  


UNUSED ADDRESS RANGES

        Name                Unused          Largest block    Delta
        BANK0            0000A0-0000FF               60
        BANK10           000A00-000AFF              100
        BANK11           000B00-000BFF              100
        BANK12           000C00-000CFF              100
        BANK13           000D00-000DFF              100
        BANK14           000E00-000EFF              100
        BANK15           000F00-000F37               38
        BANK3            000301-0003FF               FF
        BANK4            000400-0004FF              100
        BANK5            000500-0005FF              100
        BANK6            000600-0006FF              100
        BANK7            000700-0007FF              100
        BANK8            000800-0008FF              100
        BANK9            000900-0009FF              100
        BIGRAM           00002C-00005F               34
                         0000A0-0000FF               60
                         000301-000F37              C37
        CODE             000004-00E7DF             E7DC
        COMRAM           00002C-00005F               34
        CONST            000004-00E7DF             E7DC
        EEDATA           F00000-F003FF              400
        MEDIUMCONST      001000-00E7DF             D7E0
        RAM              0000A0-0000FF               60
                         000301-000F37              100
        SFR              000F38-000FFF               28
        SMALLCONST       001000-00E7DF              100

                                  Symbol Table

?_Delay10KTCYx                   cstackCOMRAM 000001
?_FPGARegs_WriteAddress          cstackCOMRAM 000001
?_FPGARegs_WriteData             cstackCOMRAM 000001
?_FPGA_DoWrite                   cstackCOMRAM 000001
?_GetFpgaImageSize               cstackCOMRAM 000003
?_HexToByte                      cstackCOMRAM 000001
?_LoadFPGA                       cstackCOMRAM 00000C
?_LoadPalette                    cstackCOMRAM 00000B
?_ParseIntelHex                  cstackCOMRAM 000007
?_Read_b_eep                     cstackCOMRAM 000001
?_SPIMemory_DoWrite              cstackCOMRAM 000001
?_SPIMemory_PageProgram          cstackCOMRAM 000003
?_SPIMemory_ReadData             cstackCOMRAM 000003
?_SPIMemory_SectorErase          cstackCOMRAM 000003
?_SPIMemory_WriteStatus          cstackCOMRAM 000003
?_SerialTerm_GetLine             cstackCOMRAM 000002
?_USB_SendChar                   cstackCOMRAM 000001
?_USB_SendHex                    cstackCOMRAM 000007
?_USB_SendString                 cstackCOMRAM 000002
?_WriteAutoChangePalette         cstackCOMRAM 000006
?_WriteAutoloadFPGA              cstackCOMRAM 000006
?_WriteAutoloadProgram           cstackCOMRAM 000006
?_WriteFpgaImageSize             cstackCOMRAM 000006
?_Write_b_eep                    cstackCOMRAM 000001
?___wmul                         cstackCOMRAM 000001
?_strcmp                         cstackCOMRAM 000001
?_strlen                         cstackCOMRAM 000001
Delay10KTCYx@unit                cstackCOMRAM 000001
FPGARegs_ReadData@ret            cstackCOMRAM 000001
FPGARegs_WriteAddress@addr       cstackCOMRAM 000001
FPGARegs_WriteData@data          cstackCOMRAM 000001
FPGA_DoWrite@d                   cstackCOMRAM 000001
FPGA_DoWrite@tmp                 cstackCOMRAM 000002
FPGA_EndConfig@retryCount        cstackCOMRAM 000004
GetFpgaImageSize@retVal          cstackCOMRAM 000009
HexToByte@lowerNibble            cstackCOMRAM 000002
HexToByte@returnVal              cstackCOMRAM 000003
HexToByte@upperNibble            cstackCOMRAM 000001
LoadFPGA@currAddr                cstackCOMRAM 000012
LoadFPGA@endAddr                 cstackCOMRAM 00000C
LoadFPGA@m                       cstackCOMRAM 000017
LoadFPGA@n                       cstackCOMRAM 000015
LoadPalette@i                    cstackCOMRAM 000014
LoadPalette@jmp                  cstackCOMRAM 00000B
LoadPalette@m                    cstackCOMRAM 000012
LoadPalette@n                    cstackCOMRAM 000010
LoadPalette@spiAddr              cstackCOMRAM 000015
ParseIntelHex@checksum           cstackCOMRAM 00000E
ParseIntelHex@line               cstackCOMRAM 000007
ParseIntelHex@lineLength         cstackCOMRAM 00000F
ParseIntelHex@n                  cstackCOMRAM 000010
Read_b_eep@badd                  cstackCOMRAM 000001
SPIMemory_DoRead@tmp             cstackCOMRAM 000001
SPIMemory_DoWrite@d              cstackCOMRAM 000001
SPIMemory_DoWrite@tmp            cstackCOMRAM 000002
SPIMemory_PageProgram@currCount  cstackCOMRAM 000009
SPIMemory_PageProgram@startAddr  cstackCOMRAM 000003
SPIMemory_ReadData@currCount     cstackCOMRAM 000009
SPIMemory_ReadData@startAddr     cstackCOMRAM 000003
SPIMemory_ReadId@memCap          cstackCOMRAM 000005
SPIMemory_ReadId@memType         cstackCOMRAM 000004
SPIMemory_ReadId@mfgId           cstackCOMRAM 000006
SPIMemory_ReadStatus@stat        cstackCOMRAM 00000B
SPIMemory_SectorErase@startAddr  cstackCOMRAM 000003
SPIMemory_WriteStatus@stat       cstackCOMRAM 000003
SerialTerm_GetLine@inputTmp      cstackCOMRAM 000008
SerialTerm_GetLine@n             cstackCOMRAM 000006
SerialTerm_GetLine@noEcho        cstackCOMRAM 000002
SerialTerm_GetLine@retVal        cstackCOMRAM 000004
USB_SendChar@theChar             cstackCOMRAM 000001
USB_SendHex@lowerNibble          cstackCOMRAM 000009
USB_SendHex@theChar              cstackCOMRAM 000007
USB_SendHex@upperNibble          cstackCOMRAM 000008
USB_SendString@theString         cstackCOMRAM 000002
WriteAutoChangePalette@newVal    cstackCOMRAM 000006
WriteAutoChangePalette@oldVal    cstackCOMRAM 000007
WriteAutoloadFPGA@newVal         cstackCOMRAM 000006
WriteAutoloadFPGA@oldVal         cstackCOMRAM 000007
WriteAutoloadProgram@newVal      cstackCOMRAM 000006
WriteAutoloadProgram@oldVal      cstackCOMRAM 000007
WriteFpgaImageSize@val           cstackCOMRAM 000006
Write_b_eep@GIE_BIT_VAL          cstackCOMRAM 000005
Write_b_eep@badd                 cstackCOMRAM 000001
Write_b_eep@bdat                 cstackCOMRAM 000003
_ANSELA                          (abs)        000F38
_ANSELB                          (abs)        000F39
_ANSELC                          (abs)        000F3A
_ANSELD                          (abs)        000F3B
_ANSELE                          (abs)        000F3C
_BAUDCON1                        (abs)        000FB8
_Busy_eep                        text14       00E7E0
_Delay10KTCYx                    text53       00E872
_EEADR                           (abs)        000FA9
_EEADRH                          (abs)        000FAA
_EECON1bits                      (abs)        000FA6
_EECON2                          (abs)        000FA7
_EEDATA                          (abs)        000FA8
_FPGARegs_Init                   text27       00E82C
_FPGARegs_ReadData               text24       00EA44
_FPGARegs_WriteAddress           text48       00E9AE
_FPGARegs_WriteData              text47       00E9D0
_FPGA_BeginConfig                text38       00E936
_FPGA_DoWrite                    text43       00E8A0
_FPGA_EndConfig                  text42       00EC56
_FPGA_Init                       text52       00E85E
_FPGA_ReadDone                   text44       00E80E
_FPGA_ReadInitB                  text41       00E818
_FPGA_SetProgramB                text40       00E7E6
_FPGA_UnsetProgramB              text39       00E7EE
_GetAutoChangePalette            text50       00E8E8
_GetAutoloadFPGA                 text26       00E902
_GetFpgaImageSize                text25       00EF70
_HexToByte                       text19       00EA72
_INTCONbits                      (abs)        000FF2
_IntelHex_ByteCount              bssCOMRAM    00002A
_IntelHex_Data                   bssBANK0     000060
_IntelHex_RecordType             bssCOMRAM    00002B
_IntelHex_StartAddr              bssCOMRAM    000026
_LATA                            (abs)        000F89
_LATB                            (abs)        000F8A
_LATC                            (abs)        000F8B
_LATD                            (abs)        000F8C
_LATE                            (abs)        000F8D
_LoadFPGA                        text37       00F000
_LoadPalette                     text45       00F16C
_OSCCON                          (abs)        000FD3
_OSCTUNE                         (abs)        000F9B
_PIR1                            (abs)        000F9E
_PIR3                            (abs)        000FA4
_PORTA                           (abs)        000F80
_PORTC                           (abs)        000F82
_PORTD                           (abs)        000F83
_ParseIntelHex                   text17       00F300
_PeripheralInit                  text36       00EE04
_RCREG1                          (abs)        000FAE
_RCSTA1                          (abs)        000FAB
_Read_b_eep                      text51       00E888
_SPBRG1                          (abs)        000FAF
_SPBRGH1                         (abs)        000FB0
_SPIMemory_BulkErase             text7        00E972
_SPIMemory_DoRead                text11       00E91C
_SPIMemory_DoWrite               text30       00E8D0
_SPIMemory_Init                  text32       00E8B8
_SPIMemory_PageProgram           text12       00EE74
_SPIMemory_ReadData              text49       00EEF0
_SPIMemory_ReadId                text4        00EB72
_SPIMemory_ReadStatus            text10       00EB3C
_SPIMemory_SectorErase           text2        00ED64
_SPIMemory_SetCS                 text33       00E7FE
_SPIMemory_SetHold               text34       00E7F6
_SPIMemory_UnsetCS               text31       00E806
_SPIMemory_WaitWIP               text9        00E84E
_SPIMemory_WriteDisable          text3        00E990
_SPIMemory_WriteEnable           text29       00E954
_SPIMemory_WriteStatus           text28       00E9F2
_SSP1BUF                         (abs)        000FC9
_SSP1CON1                        (abs)        000FC6
_SSP1STAT                        (abs)        000FC7
_SSP2BUF                         (abs)        000F6F
_SSP2CON1                        (abs)        000F6C
_SSP2STAT                        (abs)        000F6D
_SerialTerm_GetLine              text22       00F0B2
_SerialTerm_Init                 text35       00E822
_TABLAT                          (abs)        000FF5
_TBLPTRH                         (abs)        000FF7
_TBLPTRL                         (abs)        000FF6
_TBLPTRU                         (abs)        000FF8
_TRISA                           (abs)        000F92
_TRISB                           (abs)        000F93
_TRISC                           (abs)        000F94
_TRISD                           (abs)        000F95
_TRISE                           (abs)        000F96
_TXREG1                          (abs)        000FAD
_TXSTA1                          (abs)        000FAC
_USB_FlushBuffer                 text16       00E836
_USB_SendChar                    text23       00E840
_USB_SendHex                     text8        00EC1C
_USB_SendString                  text20       00EA18
_WriteAutoChangePalette          text5        00EB08
_WriteAutoloadFPGA               text6        00EAD4
_WriteAutoloadProgram            text13       00EAA0
_WriteFpgaImageSize              text1        00EDB0
_Write_b_eep                     text15       00EC92
__CFG_BOREN$OFF                  (abs)        000000
__CFG_BORV$220                   (abs)        000000
__CFG_CCP2MX$PORTB3              (abs)        000000
__CFG_CCP3MX$PORTE0              (abs)        000000
__CFG_CP0$OFF                    (abs)        000000
__CFG_CP1$OFF                    (abs)        000000
__CFG_CP2$OFF                    (abs)        000000
__CFG_CP3$OFF                    (abs)        000000
__CFG_CPB$OFF                    (abs)        000000
__CFG_CPD$OFF                    (abs)        000000
__CFG_DEBUG$OFF                  (abs)        000000
__CFG_EBTR0$OFF                  (abs)        000000
__CFG_EBTR1$OFF                  (abs)        000000
__CFG_EBTR2$OFF                  (abs)        000000
__CFG_EBTR3$OFF                  (abs)        000000
__CFG_EBTRB$OFF                  (abs)        000000
__CFG_FCMEN$OFF                  (abs)        000000
__CFG_FOSC$INTIO67               (abs)        000000
__CFG_HFOFST$OFF                 (abs)        000000
__CFG_IESO$ON                    (abs)        000000
__CFG_LVP$OFF                    (abs)        000000
__CFG_MCLRE$EXTMCLR              (abs)        000000
__CFG_P2BMX$PORTC0               (abs)        000000
__CFG_PBADEN$OFF                 (abs)        000000
__CFG_PLLCFG$OFF                 (abs)        000000
__CFG_PRICLKEN$ON                (abs)        000000
__CFG_PWRTEN$OFF                 (abs)        000000
__CFG_STVREN$ON                  (abs)        000000
__CFG_T3CMX$PORTB5               (abs)        000000
__CFG_WDTEN$OFF                  (abs)        000000
__CFG_WDTPS$32768                (abs)        000000
__CFG_WRT0$OFF                   (abs)        000000
__CFG_WRT1$OFF                   (abs)        000000
__CFG_WRT2$OFF                   (abs)        000000
__CFG_WRT3$OFF                   (abs)        000000
__CFG_WRTB$OFF                   (abs)        000000
__CFG_WRTC$OFF                   (abs)        000000
__CFG_WRTD$OFF                   (abs)        000000
__CFG_XINST$OFF                  (abs)        000000
__HRAM                           (abs)        000000
__Habs1                          abs1         000000
__Hbank0                         bank0        000000
__Hbank1                         bank1        000000
__Hbank10                        bank10       000000
__Hbank11                        bank11       000000
__Hbank12                        bank12       000000
__Hbank13                        bank13       000000
__Hbank14                        bank14       000000
__Hbank15                        bank15       000000
__Hbank2                         bank2        000000
__Hbank3                         bank3        000000
__Hbank4                         bank4        000000
__Hbank5                         bank5        000000
__Hbank6                         bank6        000000
__Hbank7                         bank7        000000
__Hbank8                         bank8        000000
__Hbank9                         bank9        000000
__Hbigbss                        bigbss       000000
__Hbigdata                       bigdata      000000
__Hbigram                        bigram       000000
__Hbss                           bss          000000
__HbssBANK0                      bssBANK0     000000
__HbssBANK1                      bssBANK1     000000
__HbssBIGRAM                     bssBIGRAM    000000
__HbssCOMRAM                     bssCOMRAM    000000
__Hcinit                         cinit        000000
__Hclrtext                       clrtext      000000
__Hcomram                        comram       000000
__Hconfig                        config       30000E
__Hconst                         const        000000
__HcstackCOMRAM                  cstackCOMRAM 000000
__Hdata                          data         000000
__Heeprom_data                   eeprom_data  000000
__Hend_init                      end_init     000004
__Hfarbss                        farbss       000000
__Hfardata                       fardata      000000
__Hibigdata                      ibigdata     000000
__Hidata                         idata        000000
__Hidloc                         idloc        200008
__Hifardata                      ifardata     000000
__Hinit                          init         000000
__Hintcode                       intcode      000000
__Hintcode_body                  intcode_body 000000
__Hintcodelo                     intcodelo    000000
__Hintentry                      intentry     000000
__Hintret                        intret       000000
__Hintsave_regs                  intsave_regs 000000
__Hirdata                        irdata       000000
__Hmediumconst                   mediumconst  010000
__HnvFARRAM                      nvFARRAM     000000
__Hnvbit                         nvbit        000000
__Hnvrram                        nvrram       000000
__Hparam                         rparam       000000
__Hpowerup                       powerup      000000
__Hram                           ram          000000
__Hramtop                        ramtop       001000
__Hrbit                          rbit         000000
__Hrbss                          rbss         000000
__Hrdata                         rdata        000000
__Hreset_vec                     reset_vec    000000
__Hrparam                        rparam       000000
__Hsfr                           sfr          000000
__Hsmallconst                    smallconst   000000
__Hstruct                        struct       000000
__Htemp                          temp         000000
__Htext                          text         000000
__Htext0                         text0        000000
__Htext1                         text1        000000
__Htext10                        text10       000000
__Htext11                        text11       000000
__Htext12                        text12       000000
__Htext13                        text13       000000
__Htext14                        text14       000000
__Htext15                        text15       000000
__Htext16                        text16       000000
__Htext17                        text17       000000
__Htext18                        text18       000000
__Htext19                        text19       000000
__Htext2                         text2        000000
__Htext20                        text20       000000
__Htext21                        text21       000000
__Htext22                        text22       000000
__Htext23                        text23       000000
__Htext24                        text24       000000
__Htext25                        text25       000000
__Htext26                        text26       000000
__Htext27                        text27       000000
__Htext28                        text28       000000
__Htext29                        text29       000000
__Htext3                         text3        000000
__Htext30                        text30       000000
__Htext31                        text31       000000
__Htext32                        text32       000000
__Htext33                        text33       000000
__Htext34                        text34       000000
__Htext35                        text35       000000
__Htext36                        text36       000000
__Htext37                        text37       000000
__Htext38                        text38       000000
__Htext39                        text39       000000
__Htext4                         text4        000000
__Htext40                        text40       000000
__Htext41                        text41       000000
__Htext42                        text42       000000
__Htext43                        text43       000000
__Htext44                        text44       000000
__Htext45                        text45       000000
__Htext46                        text46       000000
__Htext47                        text47       000000
__Htext48                        text48       000000
__Htext49                        text49       000000
__Htext5                         text5        000000
__Htext50                        text50       000000
__Htext51                        text51       000000
__Htext52                        text52       000000
__Htext53                        text53       000000
__Htext6                         text6        000000
__Htext7                         text7        000000
__Htext8                         text8        000000
__Htext9                         text9        000000
__LRAM                           (abs)        000001
__Labs1                          abs1         000000
__Lbank0                         bank0        000000
__Lbank1                         bank1        000000
__Lbank10                        bank10       000000
__Lbank11                        bank11       000000
__Lbank12                        bank12       000000
__Lbank13                        bank13       000000
__Lbank14                        bank14       000000
__Lbank15                        bank15       000000
__Lbank2                         bank2        000000
__Lbank3                         bank3        000000
__Lbank4                         bank4        000000
__Lbank5                         bank5        000000
__Lbank6                         bank6        000000
__Lbank7                         bank7        000000
__Lbank8                         bank8        000000
__Lbank9                         bank9        000000
__Lbigbss                        bigbss       000000
__Lbigdata                       bigdata      000000
__Lbigram                        bigram       000000
__Lbss                           bss          000000
__LbssBANK0                      bssBANK0     000000
__LbssBANK1                      bssBANK1     000000
__LbssBIGRAM                     bssBIGRAM    000000
__LbssCOMRAM                     bssCOMRAM    000000
__Lcinit                         cinit        000000
__Lclrtext                       clrtext      000000
__Lcomram                        comram       000000
__Lconfig                        config       300000
__Lconst                         const        000000
__LcstackCOMRAM                  cstackCOMRAM 000000
__Ldata                          data         000000
__Leeprom_data                   eeprom_data  000000
__Lend_init                      end_init     000000
__Lfarbss                        farbss       000000
__Lfardata                       fardata      000000
__Libigdata                      ibigdata     000000
__Lidata                         idata        000000
__Lidloc                         idloc        200000
__Lifardata                      ifardata     000000
__Linit                          init         000000
__Lintcode                       intcode      000000
__Lintcode_body                  intcode_body 000000
__Lintcodelo                     intcodelo    000000
__Lintentry                      intentry     000000
__Lintret                        intret       000000
__Lintsave_regs                  intsave_regs 000000
__Lirdata                        irdata       000000
__Lmediumconst                   mediumconst  00FEC2
__LnvFARRAM                      nvFARRAM     000000
__Lnvbit                         nvbit        000000
__Lnvrram                        nvrram       000000
__Lparam                         rparam       000000
__Lpowerup                       powerup      000000
__Lram                           ram          000000
__Lramtop                        ramtop       001000
__Lrbit                          rbit         000000
__Lrbss                          rbss         000000
__Lrdata                         rdata        000000
__Lreset_vec                     reset_vec    000000
__Lrparam                        rparam       000000
__Lsfr                           sfr          000000
__Lsmallconst                    smallconst   000000
__Lstruct                        struct       000000
__Ltemp                          temp         000000
__Ltext                          text         000000
__Ltext0                         text0        000000
__Ltext1                         text1        000000
__Ltext10                        text10       000000
__Ltext11                        text11       000000
__Ltext12                        text12       000000
__Ltext13                        text13       000000
__Ltext14                        text14       000000
__Ltext15                        text15       000000
__Ltext16                        text16       000000
__Ltext17                        text17       000000
__Ltext18                        text18       000000
__Ltext19                        text19       000000
__Ltext2                         text2        000000
__Ltext20                        text20       000000
__Ltext21                        text21       000000
__Ltext22                        text22       000000
__Ltext23                        text23       000000
__Ltext24                        text24       000000
__Ltext25                        text25       000000
__Ltext26                        text26       000000
__Ltext27                        text27       000000
__Ltext28                        text28       000000
__Ltext29                        text29       000000
__Ltext3                         text3        000000
__Ltext30                        text30       000000
__Ltext31                        text31       000000
__Ltext32                        text32       000000
__Ltext33                        text33       000000
__Ltext34                        text34       000000
__Ltext35                        text35       000000
__Ltext36                        text36       000000
__Ltext37                        text37       000000
__Ltext38                        text38       000000
__Ltext39                        text39       000000
__Ltext4                         text4        000000
__Ltext40                        text40       000000
__Ltext41                        text41       000000
__Ltext42                        text42       000000
__Ltext43                        text43       000000
__Ltext44                        text44       000000
__Ltext45                        text45       000000
__Ltext46                        text46       000000
__Ltext47                        text47       000000
__Ltext48                        text48       000000
__Ltext49                        text49       000000
__Ltext5                         text5        000000
__Ltext50                        text50       000000
__Ltext51                        text51       000000
__Ltext52                        text52       000000
__Ltext53                        text53       000000
__Ltext6                         text6        000000
__Ltext7                         text7        000000
__Ltext8                         text8        000000
__Ltext9                         text9        000000
__S0                             (abs)        30000E
__S1                             (abs)        000301
___wmul                          text46       00EBA8
___wmul@multiplicand             cstackCOMRAM 000003
___wmul@multiplier               cstackCOMRAM 000001
___wmul@product                  cstackCOMRAM 000005
__accesstop                      (abs)        000060
__activetblptr                   (abs)        000002
__end_of_Busy_eep                text14       00E7E6
__end_of_Delay10KTCYx            text53       00E888
__end_of_FPGARegs_Init           text27       00E836
__end_of_FPGARegs_ReadData       text24       00EA72
__end_of_FPGARegs_WriteAddress   text48       00E9D0
__end_of_FPGARegs_WriteData      text47       00E9F2
__end_of_FPGA_BeginConfig        text38       00E954
__end_of_FPGA_DoWrite            text43       00E8B8
__end_of_FPGA_EndConfig          text42       00EC92
__end_of_FPGA_Init               text52       00E872
__end_of_FPGA_ReadDone           text44       00E818
__end_of_FPGA_ReadInitB          text41       00E822
__end_of_FPGA_SetProgramB        text40       00E7EE
__end_of_FPGA_UnsetProgramB      text39       00E7F6
__end_of_GetAutoChangePalette    text50       00E902
__end_of_GetAutoloadFPGA         text26       00E91C
__end_of_GetFpgaImageSize        text25       00F000
__end_of_HexToByte               text19       00EAA0
__end_of_LoadFPGA                text37       00F0B2
__end_of_LoadPalette             text45       00F300
__end_of_ParseIntelHex           text17       00F54E
__end_of_PeripheralInit          text36       00EE74
__end_of_Read_b_eep              text51       00E8A0
__end_of_SPIMemory_BulkErase     text7        00E990
__end_of_SPIMemory_DoRead        text11       00E936
__end_of_SPIMemory_DoWrite       text30       00E8E8
__end_of_SPIMemory_Init          text32       00E8D0
__end_of_SPIMemory_PageProgram   text12       00EEF0
__end_of_SPIMemory_ReadData      text49       00EF70
__end_of_SPIMemory_ReadId        text4        00EBA8
__end_of_SPIMemory_ReadStatus    text10       00EB72
__end_of_SPIMemory_SectorErase   text2        00EDB0
__end_of_SPIMemory_SetCS         text33       00E806
__end_of_SPIMemory_SetHold       text34       00E7FE
__end_of_SPIMemory_UnsetCS       text31       00E80E
__end_of_SPIMemory_WaitWIP       text9        00E85E
__end_of_SPIMemory_WriteDisable  text3        00E9AE
__end_of_SPIMemory_WriteEnable   text29       00E972
__end_of_SPIMemory_WriteStatus   text28       00EA18
__end_of_SerialTerm_GetLine      text22       00F16C
__end_of_SerialTerm_Init         text35       00E82C
__end_of_USB_FlushBuffer         text16       00E840
__end_of_USB_SendChar            text23       00E84E
__end_of_USB_SendHex             text8        00EC56
__end_of_USB_SendString          text20       00EA44
__end_of_WriteAutoChangePalette  text5        00EB3C
__end_of_WriteAutoloadFPGA       text6        00EB08
__end_of_WriteAutoloadProgram    text13       00EAD4
__end_of_WriteFpgaImageSize      text1        00EE04
__end_of_Write_b_eep             text15       00ECD4
__end_of___wmul                  text46       00EBE2
__end_of__initialization         cinit        00ED5A
__end_of__stringdata             mediumconst  00FFFE
__end_of_main                    text0        00FEC2
__end_of_strcmp                  text21       00ED1A
__end_of_strlen                  text18       00EC1C
__initialization                 cinit        00ED1A
__mediumconst                    mediumconst  00FEC2
__pbssBANK0                      bssBANK0     000060
__pbssBANK1                      bssBANK1     000100
__pbssBIGRAM                     bssBIGRAM    000200
__pbssCOMRAM                     bssCOMRAM    000026
__pcinit                         cinit        00ED1A
__pcstackCOMRAM                  cstackCOMRAM 000001
__pmediumconst                   mediumconst  00FEC2
__ptext0                         text0        00F54E
__ptext1                         text1        00EDB0
__ptext10                        text10       00EB3C
__ptext11                        text11       00E91C
__ptext12                        text12       00EE74
__ptext13                        text13       00EAA0
__ptext14                        text14       00E7E0
__ptext15                        text15       00EC92
__ptext16                        text16       00E836
__ptext17                        text17       00F300
__ptext18                        text18       00EBE2
__ptext19                        text19       00EA72
__ptext2                         text2        00ED64
__ptext20                        text20       00EA18
__ptext21                        text21       00ECD4
__ptext22                        text22       00F0B2
__ptext23                        text23       00E840
__ptext24                        text24       00EA44
__ptext25                        text25       00EF70
__ptext26                        text26       00E902
__ptext27                        text27       00E82C
__ptext28                        text28       00E9F2
__ptext29                        text29       00E954
__ptext3                         text3        00E990
__ptext30                        text30       00E8D0
__ptext31                        text31       00E806
__ptext32                        text32       00E8B8
__ptext33                        text33       00E7FE
__ptext34                        text34       00E7F6
__ptext35                        text35       00E822
__ptext36                        text36       00EE04
__ptext37                        text37       00F000
__ptext38                        text38       00E936
__ptext39                        text39       00E7EE
__ptext4                         text4        00EB72
__ptext40                        text40       00E7E6
__ptext41                        text41       00E818
__ptext42                        text42       00EC56
__ptext43                        text43       00E8A0
__ptext44                        text44       00E80E
__ptext45                        text45       00F16C
__ptext46                        text46       00EBA8
__ptext47                        text47       00E9D0
__ptext48                        text48       00E9AE
__ptext49                        text49       00EEF0
__ptext5                         text5        00EB08
__ptext50                        text50       00E8E8
__ptext51                        text51       00E888
__ptext52                        text52       00E85E
__ptext53                        text53       00E872
__ptext6                         text6        00EAD4
__ptext7                         text7        00E972
__ptext8                         text8        00EC1C
__ptext9                         text9        00E84E
__ramtop                         ramtop       001000
__size_of_Busy_eep               (abs)        000000
__size_of_Delay10KTCYx           (abs)        000000
__size_of_FPGARegs_Init          (abs)        000000
__size_of_FPGARegs_ReadData      (abs)        000000
__size_of_FPGARegs_WriteAddress  (abs)        000000
__size_of_FPGARegs_WriteData     (abs)        000000
__size_of_FPGA_BeginConfig       (abs)        000000
__size_of_FPGA_DoWrite           (abs)        000000
__size_of_FPGA_EndConfig         (abs)        000000
__size_of_FPGA_Init              (abs)        000000
__size_of_FPGA_ReadDone          (abs)        000000
__size_of_FPGA_ReadInitB         (abs)        000000
__size_of_FPGA_SetProgramB       (abs)        000000
__size_of_FPGA_UnsetProgramB     (abs)        000000
__size_of_GetAutoChangePalette   (abs)        000000
__size_of_GetAutoloadFPGA        (abs)        000000
__size_of_GetFpgaImageSize       (abs)        000000
__size_of_HexToByte              (abs)        000000
__size_of_LoadFPGA               (abs)        000000
__size_of_LoadPalette            (abs)        000000
__size_of_ParseIntelHex          (abs)        000000
__size_of_PeripheralInit         (abs)        000000
__size_of_Read_b_eep             (abs)        000000
__size_of_SPIMemory_BulkErase    (abs)        000000
__size_of_SPIMemory_DoRead       (abs)        000000
__size_of_SPIMemory_DoWrite      (abs)        000000
__size_of_SPIMemory_Init         (abs)        000000
__size_of_SPIMemory_PageProgram  (abs)        000000
__size_of_SPIMemory_ReadData     (abs)        000000
__size_of_SPIMemory_ReadId       (abs)        000000
__size_of_SPIMemory_ReadStatus   (abs)        000000
__size_of_SPIMemory_SectorErase  (abs)        000000
__size_of_SPIMemory_SetCS        (abs)        000000
__size_of_SPIMemory_SetHold      (abs)        000000
__size_of_SPIMemory_UnsetCS      (abs)        000000
__size_of_SPIMemory_WaitWIP      (abs)        000000
__size_of_SPIMemory_WriteDisable (abs)        000000
__size_of_SPIMemory_WriteEnable  (abs)        000000
__size_of_SPIMemory_WriteStatus  (abs)        000000
__size_of_SerialTerm_GetLine     (abs)        000000
__size_of_SerialTerm_Init        (abs)        000000
__size_of_USB_FlushBuffer        (abs)        000000
__size_of_USB_SendChar           (abs)        000000
__size_of_USB_SendHex            (abs)        000000
__size_of_USB_SendString         (abs)        000000
__size_of_WriteAutoChangePalette (abs)        000000
__size_of_WriteAutoloadFPGA      (abs)        000000
__size_of_WriteAutoloadProgram   (abs)        000000
__size_of_WriteFpgaImageSize     (abs)        000000
__size_of_Write_b_eep            (abs)        000000
__size_of___wmul                 (abs)        000000
__size_of_main                   (abs)        000000
__size_of_strcmp                 (abs)        000000
__size_of_strlen                 (abs)        000000
__smallconst                     smallconst   000000
__stringdata                     mediumconst  00FEC2
_dataBuffer                      bssBANK1     000100
_inputBuffer                     bssBIGRAM    000200
_inputBufferPos                  bssCOMRAM    000028
_main                            text0        00F54E
_strcmp                          text21       00ECD4
_strlen                          text18       00EBE2
end_of_initialization            cinit        00ED5A
intlevel0                        text         000000
intlevel1                        text         000000
intlevel2                        text         000000
intlevel3                        text         000000
main@getWriteData                cstackCOMRAM 00001E
main@inLength                    cstackCOMRAM 000022
main@n                           cstackCOMRAM 000020
main@newJumpers                  cstackCOMRAM 00001F
main@oldJumpers                  cstackCOMRAM 00001C
main@retCode                     cstackCOMRAM 00001D
main@spiAddr                     cstackCOMRAM 000023
start                            init         000000
start_initialization             cinit        00ED1A
strcmp@r                         cstackCOMRAM 000006
strcmp@s1                        cstackCOMRAM 000001
strcmp@s2                        cstackCOMRAM 000003
strlen@cp                        cstackCOMRAM 000005
strlen@s                         cstackCOMRAM 000001


FUNCTION INFORMATION:

 *************** function _main *****************
 Defined at:
		line 124 in file "main.c"
 Parameters:    Size  Location     Type
		None
 Auto vars:     Size  Location     Type
  retCode         1   28[COMRAM] unsigned char 
  spiAddr         3   34[COMRAM] unsigned um
  n               2   31[COMRAM] unsigned int 
  inLength        1   33[COMRAM] unsigned char 
  newJumpers      1   30[COMRAM] unsigned char 
  getWriteData    1   29[COMRAM] unsigned char 
  oldJumpers      1   27[COMRAM] unsigned char 
  stat            1    0        unsigned char 
 Return value:  Size  Location     Type
		None               void
 Registers used:
		wreg, fsr1l, fsr1h, fsr2l, fsr2h, status,2, status,0, tblptrl, tblptrh, tblptru, prodl, prodh, cstack
 Tracked objects:
		On entry : 
		On exit  : 
		Unchanged: 
 Data sizes:     COMRAM   BANK0   BANK1   BANK2   BANK3   BANK4   BANK5   BANK6   BANK7   BANK8   BANK9  BANK10  BANK11  BANK12  BANK13  BANK14  BANK15
      Params:         0       0       0       0       0       0       0       0       0       0       0       0       0       0       0       0       0
      Locals:        10       0       0       0       0       0       0       0       0       0       0       0       0       0       0       0       0
      Temps:          3       0       0       0       0       0       0       0       0       0       0       0       0       0       0       0       0
      Totals:        13       0       0       0       0       0       0       0       0       0       0       0       0       0       0       0       0
Total ram usage:       13 bytes
 Hardware stack levels required when called:    3
 This function calls:
		_FPGA_Init
		_LoadPalette
		_SPIMemory_ReadData
		_FPGARegs_WriteAddress
		_LoadFPGA
		_PeripheralInit
		_SerialTerm_Init
		_SPIMemory_Init
		_SPIMemory_WriteEnable
		_SPIMemory_WriteStatus
		_FPGARegs_Init
		_Delay10KTCYx
		_GetAutoloadFPGA
		_GetFpgaImageSize
		_FPGARegs_ReadData
		_SerialTerm_GetLine
		_strcmp
		_USB_SendString
		_ParseIntelHex
		_USB_SendChar
		_USB_FlushBuffer
		_WriteAutoloadProgram
		_HexToByte
		_SPIMemory_PageProgram
		_SPIMemory_WaitWIP
		_USB_SendHex
		_SPIMemory_BulkErase
		_WriteAutoloadFPGA
		_WriteAutoChangePalette
		_SPIMemory_ReadId
		_SPIMemory_ReadStatus
		_SPIMemory_WriteDisable
		_SPIMemory_SectorErase
		_WriteFpgaImageSize
 This function is called by:
		Startup code after reset
 This function uses a non-reentrant model


 *************** function _WriteFpgaImageSize *****************
 Defined at:
		line 202 in file "programInfo.c"
 Parameters:    Size  Location     Type
  val             3    5[COMRAM] unsigned um
 Auto vars:     Size  Location     Type
		None
 Return value:  Size  Location     Type
		None               void
 Registers used:
		wreg, status,2, status,0, cstack
 Tracked objects:
		On entry : 
		On exit  : 
		Unchanged: 
 Data sizes:     COMRAM   BANK0   BANK1   BANK2   BANK3   BANK4   BANK5   BANK6   BANK7   BANK8   BANK9  BANK10  BANK11  BANK12  BANK13  BANK14  BANK15
      Params:         3       0       0       0       0       0       0       0       0       0       0       0       0       0       0       0       0
      Locals:         0       0       0       0       0       0       0       0       0       0       0       0       0       0       0       0       0
      Temps:          3       0       0       0       0       0       0       0       0       0       0       0       0       0       0       0       0
      Totals:         6       0       0       0       0       0       0       0       0       0       0       0       0       0       0       0       0
Total ram usage:        6 bytes
 Hardware stack levels used:    1
 Hardware stack levels required when called:    1
 This function calls:
		_Write_b_eep
		_Busy_eep
 This function is called by:
		_main
 This function uses a non-reentrant model


 *************** function _SPIMemory_SectorErase *****************
 Defined at:
		line 247 in file "spiMemory.c"
 Parameters:    Size  Location     Type
  startAddr       3    2[COMRAM] unsigned um
 Auto vars:     Size  Location     Type
		None
 Return value:  Size  Location     Type
		None               void
 Registers used:
		wreg, status,2, status,0, cstack
 Tracked objects:
		On entry : 
		On exit  : 
		Unchanged: 
 Data sizes:     COMRAM   BANK0   BANK1   BANK2   BANK3   BANK4   BANK5   BANK6   BANK7   BANK8   BANK9  BANK10  BANK11  BANK12  BANK13  BANK14  BANK15
      Params:         3       0       0       0       0       0       0       0       0       0       0       0       0       0       0       0       0
      Locals:         0       0       0       0       0       0       0       0       0       0       0       0       0       0       0       0       0
      Temps:          3       0       0       0       0       0       0       0       0       0       0       0       0       0       0       0       0
      Totals:         6       0       0       0       0       0       0       0       0       0       0       0       0       0       0       0       0
Total ram usage:        6 bytes
 Hardware stack levels used:    1
 Hardware stack levels required when called:    1
 This function calls:
		_SPIMemory_SetCS
		_SPIMemory_UnsetCS
		_SPIMemory_DoWrite
 This function is called by:
		_main
 This function uses a non-reentrant model


 *************** function _SPIMemory_WriteDisable *****************
 Defined at:
		line 150 in file "spiMemory.c"
 Parameters:    Size  Location     Type
		None
 Auto vars:     Size  Location     Type
		None
 Return value:  Size  Location     Type
		None               void
 Registers used:
		wreg, status,2, status,0, cstack
 Tracked objects:
		On entry : 
		On exit  : 
		Unchanged: 
 Data sizes:     COMRAM   BANK0   BANK1   BANK2   BANK3   BANK4   BANK5   BANK6   BANK7   BANK8   BANK9  BANK10  BANK11  BANK12  BANK13  BANK14  BANK15
      Params:         0       0       0       0       0       0       0       0       0       0       0       0       0       0       0       0       0
      Locals:         0       0       0       0       0       0       0       0       0       0       0       0       0       0       0       0       0
      Temps:          1       0       0       0       0       0       0       0       0       0       0       0       0       0       0       0       0
      Totals:         1       0       0       0       0       0       0       0       0       0       0       0       0       0       0       0       0
Total ram usage:        1 bytes
 Hardware stack levels used:    1
 Hardware stack levels required when called:    1
 This function calls:
		_SPIMemory_SetCS
		_SPIMemory_UnsetCS
		_SPIMemory_DoWrite
 This function is called by:
		_main
 This function uses a non-reentrant model


 *************** function _SPIMemory_ReadId *****************
 Defined at:
		line 160 in file "spiMemory.c"
 Parameters:    Size  Location     Type
		None
 Auto vars:     Size  Location     Type
  mfgId           1    5[COMRAM] unsigned char 
  memCap          1    4[COMRAM] unsigned char 
  memType         1    3[COMRAM] unsigned char 
 Return value:  Size  Location     Type
                  1    wreg      unsigned char 
 Registers used:
		wreg, status,2, status,0, cstack
 Tracked objects:
		On entry : 
		On exit  : 
		Unchanged: 
 Data sizes:     COMRAM   BANK0   BANK1   BANK2   BANK3   BANK4   BANK5   BANK6   BANK7   BANK8   BANK9  BANK10  BANK11  BANK12  BANK13  BANK14  BANK15
      Params:         0       0       0       0       0       0       0       0       0       0       0       0       0       0       0       0       0
      Locals:         3       0       0       0       0       0       0       0       0       0       0       0       0       0       0       0       0
      Temps:          1       0       0       0       0       0       0       0       0       0       0       0       0       0       0       0       0
      Totals:         4       0       0       0       0       0       0       0       0       0       0       0       0       0       0       0       0
Total ram usage:        4 bytes
 Hardware stack levels used:    1
 Hardware stack levels required when called:    1
 This function calls:
		_SPIMemory_SetCS
		_SPIMemory_UnsetCS
		_SPIMemory_DoRead
		_SPIMemory_DoWrite
 This function is called by:
		_main
 This function uses a non-reentrant model


 *************** function _WriteAutoChangePalette *****************
 Defined at:
		line 88 in file "programInfo.c"
 Parameters:    Size  Location     Type
  newVal          1    5[COMRAM] unsigned char 
 Auto vars:     Size  Location     Type
  oldVal          1    6[COMRAM] unsigned char 
 Return value:  Size  Location     Type
		None               void
 Registers used:
		wreg, status,2, status,0, cstack
 Tracked objects:
		On entry : 
		On exit  : 
		Unchanged: 
 Data sizes:     COMRAM   BANK0   BANK1   BANK2   BANK3   BANK4   BANK5   BANK6   BANK7   BANK8   BANK9  BANK10  BANK11  BANK12  BANK13  BANK14  BANK15
      Params:         1       0       0       0       0       0       0       0       0       0       0       0       0       0       0       0       0
      Locals:         1       0       0       0       0       0       0       0       0       0       0       0       0       0       0       0       0
      Temps:          0       0       0       0       0       0       0       0       0       0       0       0       0       0       0       0       0
      Totals:         2       0       0       0       0       0       0       0       0       0       0       0       0       0       0       0       0
Total ram usage:        2 bytes
 Hardware stack levels used:    1
 Hardware stack levels required when called:    1
 This function calls:
		_Read_b_eep
		_Write_b_eep
		_Busy_eep
 This function is called by:
		_main
 This function uses a non-reentrant model


 *************** function _WriteAutoloadFPGA *****************
 Defined at:
		line 61 in file "programInfo.c"
 Parameters:    Size  Location     Type
  newVal          1    5[COMRAM] unsigned char 
 Auto vars:     Size  Location     Type
  oldVal          1    6[COMRAM] unsigned char 
 Return value:  Size  Location     Type
		None               void
 Registers used:
		wreg, status,2, status,0, cstack
 Tracked objects:
		On entry : 
		On exit  : 
		Unchanged: 
 Data sizes:     COMRAM   BANK0   BANK1   BANK2   BANK3   BANK4   BANK5   BANK6   BANK7   BANK8   BANK9  BANK10  BANK11  BANK12  BANK13  BANK14  BANK15
      Params:         1       0       0       0       0       0       0       0       0       0       0       0       0       0       0       0       0
      Locals:         1       0       0       0       0       0       0       0       0       0       0       0       0       0       0       0       0
      Temps:          0       0       0       0       0       0       0       0       0       0       0       0       0       0       0       0       0
      Totals:         2       0       0       0       0       0       0       0       0       0       0       0       0       0       0       0       0
Total ram usage:        2 bytes
 Hardware stack levels used:    1
 Hardware stack levels required when called:    1
 This function calls:
		_Read_b_eep
		_Write_b_eep
		_Busy_eep
 This function is called by:
		_main
 This function uses a non-reentrant model


 *************** function _SPIMemory_BulkErase *****************
 Defined at:
		line 260 in file "spiMemory.c"
 Parameters:    Size  Location     Type
		None
 Auto vars:     Size  Location     Type
		None
 Return value:  Size  Location     Type
		None               void
 Registers used:
		wreg, status,2, status,0, cstack
 Tracked objects:
		On entry : 
		On exit  : 
		Unchanged: 
 Data sizes:     COMRAM   BANK0   BANK1   BANK2   BANK3   BANK4   BANK5   BANK6   BANK7   BANK8   BANK9  BANK10  BANK11  BANK12  BANK13  BANK14  BANK15
      Params:         0       0       0       0       0       0       0       0       0       0       0       0       0       0       0       0       0
      Locals:         0       0       0       0       0       0       0       0       0       0       0       0       0       0       0       0       0
      Temps:          1       0       0       0       0       0       0       0       0       0       0       0       0       0       0       0       0
      Totals:         1       0       0       0       0       0       0       0       0       0       0       0       0       0       0       0       0
Total ram usage:        1 bytes
 Hardware stack levels used:    1
 Hardware stack levels required when called:    1
 This function calls:
		_SPIMemory_SetCS
		_SPIMemory_UnsetCS
		_SPIMemory_DoWrite
 This function is called by:
		_main
 This function uses a non-reentrant model


 *************** function _USB_SendHex *****************
 Defined at:
		line 25 in file "usbSerial.c"
 Parameters:    Size  Location     Type
  theChar         1    6[COMRAM] unsigned char 
 Auto vars:     Size  Location     Type
  lowerNibble     1    8[COMRAM] unsigned char 
  upperNibble     1    7[COMRAM] unsigned char 
 Return value:  Size  Location     Type
		None               void
 Registers used:
		wreg, status,2, status,0, cstack
 Tracked objects:
		On entry : 
		On exit  : 
		Unchanged: 
 Data sizes:     COMRAM   BANK0   BANK1   BANK2   BANK3   BANK4   BANK5   BANK6   BANK7   BANK8   BANK9  BANK10  BANK11  BANK12  BANK13  BANK14  BANK15
      Params:         1       0       0       0       0       0       0       0       0       0       0       0       0       0       0       0       0
      Locals:         2       0       0       0       0       0       0       0       0       0       0       0       0       0       0       0       0
      Temps:          0       0       0       0       0       0       0       0       0       0       0       0       0       0       0       0       0
      Totals:         3       0       0       0       0       0       0       0       0       0       0       0       0       0       0       0       0
Total ram usage:        3 bytes
 Hardware stack levels used:    1
 Hardware stack levels required when called:    1
 This function calls:
		_USB_SendChar
 This function is called by:
		_main
 This function uses a non-reentrant model


 *************** function _SPIMemory_WaitWIP *****************
 Defined at:
		line 270 in file "spiMemory.c"
 Parameters:    Size  Location     Type
		None
 Auto vars:     Size  Location     Type
		None
 Return value:  Size  Location     Type
		None               void
 Registers used:
		wreg, status,2, status,0, cstack
 Tracked objects:
		On entry : 
		On exit  : 
		Unchanged: 
 Data sizes:     COMRAM   BANK0   BANK1   BANK2   BANK3   BANK4   BANK5   BANK6   BANK7   BANK8   BANK9  BANK10  BANK11  BANK12  BANK13  BANK14  BANK15
      Params:         0       0       0       0       0       0       0       0       0       0       0       0       0       0       0       0       0
      Locals:         0       0       0       0       0       0       0       0       0       0       0       0       0       0       0       0       0
      Temps:          1       0       0       0       0       0       0       0       0       0       0       0       0       0       0       0       0
      Totals:         1       0       0       0       0       0       0       0       0       0       0       0       0       0       0       0       0
Total ram usage:        1 bytes
 Hardware stack levels used:    1
 Hardware stack levels required when called:    2
 This function calls:
		_SPIMemory_ReadStatus
 This function is called by:
		_main
 This function uses a non-reentrant model


 *************** function _SPIMemory_ReadStatus *****************
 Defined at:
		line 177 in file "spiMemory.c"
 Parameters:    Size  Location     Type
		None
 Auto vars:     Size  Location     Type
  stat            1   10[COMRAM] unsigned char 
 Return value:  Size  Location     Type
                  1    wreg      unsigned char 
 Registers used:
		wreg, status,2, status,0, cstack
 Tracked objects:
		On entry : 
		On exit  : 
		Unchanged: 
 Data sizes:     COMRAM   BANK0   BANK1   BANK2   BANK3   BANK4   BANK5   BANK6   BANK7   BANK8   BANK9  BANK10  BANK11  BANK12  BANK13  BANK14  BANK15
      Params:         0       0       0       0       0       0       0       0       0       0       0       0       0       0       0       0       0
      Locals:         1       0       0       0       0       0       0       0       0       0       0       0       0       0       0       0       0
      Temps:          1       0       0       0       0       0       0       0       0       0       0       0       0       0       0       0       0
      Totals:         2       0       0       0       0       0       0       0       0       0       0       0       0       0       0       0       0
Total ram usage:        2 bytes
 Hardware stack levels used:    1
 Hardware stack levels required when called:    1
 This function calls:
		_Delay10KTCYx
		_SPIMemory_SetCS
		_SPIMemory_UnsetCS
		_SPIMemory_DoRead
		_SPIMemory_DoWrite
 This function is called by:
		_main
		_SPIMemory_WaitWIP
 This function uses a non-reentrant model


 *************** function _SPIMemory_DoRead *****************
 Defined at:
		line 51 in file "spiMemory.c"
 Parameters:    Size  Location     Type
		None
 Auto vars:     Size  Location     Type
  tmp             1    0[COMRAM] unsigned char 
 Return value:  Size  Location     Type
                  1    wreg      unsigned char 
 Registers used:
		wreg, status,2, status,0
 Tracked objects:
		On entry : 
		On exit  : 
		Unchanged: 
 Data sizes:     COMRAM   BANK0   BANK1   BANK2   BANK3   BANK4   BANK5   BANK6   BANK7   BANK8   BANK9  BANK10  BANK11  BANK12  BANK13  BANK14  BANK15
      Params:         0       0       0       0       0       0       0       0       0       0       0       0       0       0       0       0       0
      Locals:         1       0       0       0       0       0       0       0       0       0       0       0       0       0       0       0       0
      Temps:          0       0       0       0       0       0       0       0       0       0       0       0       0       0       0       0       0
      Totals:         1       0       0       0       0       0       0       0       0       0       0       0       0       0       0       0       0
Total ram usage:        1 bytes
 Hardware stack levels used:    1
 This function calls:
		Nothing
 This function is called by:
		_SPIMemory_ReadId
		_SPIMemory_ReadStatus
		_SPIMemory_ReadData
 This function uses a non-reentrant model


 *************** function _SPIMemory_PageProgram *****************
 Defined at:
		line 225 in file "spiMemory.c"
 Parameters:    Size  Location     Type
  startAddr       3    2[COMRAM] unsigned um
 Auto vars:     Size  Location     Type
  currCount       2    8[COMRAM] unsigned int 
 Return value:  Size  Location     Type
		None               void
 Registers used:
		wreg, fsr2l, fsr2h, status,2, status,0, cstack
 Tracked objects:
		On entry : 
		On exit  : 
		Unchanged: 
 Data sizes:     COMRAM   BANK0   BANK1   BANK2   BANK3   BANK4   BANK5   BANK6   BANK7   BANK8   BANK9  BANK10  BANK11  BANK12  BANK13  BANK14  BANK15
      Params:         3       0       0       0       0       0       0       0       0       0       0       0       0       0       0       0       0
      Locals:         2       0       0       0       0       0       0       0       0       0       0       0       0       0       0       0       0
      Temps:          3       0       0       0       0       0       0       0       0       0       0       0       0       0       0       0       0
      Totals:         8       0       0       0       0       0       0       0       0       0       0       0       0       0       0       0       0
Total ram usage:        8 bytes
 Hardware stack levels used:    1
 Hardware stack levels required when called:    1
 This function calls:
		_SPIMemory_SetCS
		_SPIMemory_UnsetCS
		_SPIMemory_DoWrite
 This function is called by:
		_main
 This function uses a non-reentrant model


 *************** function _WriteAutoloadProgram *****************
 Defined at:
		line 7 in file "programInfo.c"
 Parameters:    Size  Location     Type
  newVal          1    5[COMRAM] unsigned char 
 Auto vars:     Size  Location     Type
  oldVal          1    6[COMRAM] unsigned char 
 Return value:  Size  Location     Type
		None               void
 Registers used:
		wreg, status,2, status,0, cstack
 Tracked objects:
		On entry : 
		On exit  : 
		Unchanged: 
 Data sizes:     COMRAM   BANK0   BANK1   BANK2   BANK3   BANK4   BANK5   BANK6   BANK7   BANK8   BANK9  BANK10  BANK11  BANK12  BANK13  BANK14  BANK15
[...]
      Temps:          0       0       0       0       0       0       0       0       0       0       0       0       0       0       0       0       0
      Totals:         2       0       0       0       0       0       0       0       0       0       0       0       0       0       0       0       0
Total ram usage:        2 bytes
 Hardware stack levels used:    1
 This function calls:
		Nothing
 This function is called by:
		_FPGA_EndConfig
		_LoadFPGA
 This function uses a non-reentrant model


 *************** function _FPGA_ReadDone *****************
 Defined at:
		line 38 in file "fpga.c"
 Parameters:    Size  Location     Type
		None
 Auto vars:     Size  Location     Type
		None
 Return value:  Size  Location     Type
                  1    wreg      unsigned char 
 Registers used:
		wreg, status,2, status,0
 Tracked objects:
		On entry : 
		On exit  : 
		Unchanged: 
 Data sizes:     COMRAM   BANK0   BANK1   BANK2   BANK3   BANK4   BANK5   BANK6   BANK7   BANK8   BANK9  BANK10  BANK11  BANK12  BANK13  BANK14  BANK15
      Params:         0       0       0       0       0       0       0       0       0       0       0       0       0       0       0       0       0
      Locals:         0       0       0       0       0       0       0       0       0       0       0       0       0       0       0       0       0
      Temps:          0       0       0       0       0       0       0       0       0       0       0       0       0       0       0       0       0
      Totals:         0       0       0       0       0       0       0       0       0       0       0       0       0       0       0       0       0
Total ram usage:        0 bytes
 Hardware stack levels used:    1
 This function calls:
		Nothing
 This function is called by:
		_FPGA_EndConfig
 This function uses a non-reentrant model


 *************** function _LoadPalette *****************
 Defined at:
		line 28 in file "main.c"
 Parameters:    Size  Location     Type
  jmp             1   10[COMRAM] unsigned char 
 Auto vars:     Size  Location     Type
  spiAddr         3   20[COMRAM] unsigned um
  m               2   17[COMRAM] int 
  n               2   15[COMRAM] int 
  i               1   19[COMRAM] unsigned char 
 Return value:  Size  Location     Type
		None               void
 Registers used:
		wreg, fsr2l, fsr2h, status,2, status,0, prodl, prodh, cstack
 Tracked objects:
		On entry : 
		On exit  : 
		Unchanged: 
 Data sizes:     COMRAM   BANK0   BANK1   BANK2   BANK3   BANK4   BANK5   BANK6   BANK7   BANK8   BANK9  BANK10  BANK11  BANK12  BANK13  BANK14  BANK15
      Params:         1       0       0       0       0       0       0       0       0       0       0       0       0       0       0       0       0
      Locals:         8       0       0       0       0       0       0       0       0       0       0       0       0       0       0       0       0
      Temps:          4       0       0       0       0       0       0       0       0       0       0       0       0       0       0       0       0
      Totals:        13       0       0       0       0       0       0       0       0       0       0       0       0       0       0       0       0
Total ram usage:       13 bytes
 Hardware stack levels used:    1
 Hardware stack levels required when called:    2
 This function calls:
		_GetAutoChangePalette
		_SPIMemory_ReadData
		_FPGARegs_WriteAddress
		_FPGARegs_WriteData
		___wmul
 This function is called by:
		_main
 This function uses a non-reentrant model


 *************** function ___wmul *****************
 Defined at:
		line 5 in file "C:\Program Files (x86)\Microchip\xc8\v1.21\sources\common\wmul.c"
 Parameters:    Size  Location     Type
  multiplier      2    0[COMRAM] unsigned int 
  multiplicand    2    2[COMRAM] unsigned int 
 Auto vars:     Size  Location     Type
  product         2    4[COMRAM] unsigned int 
 Return value:  Size  Location     Type
                  2    0[COMRAM] unsigned int 
 Registers used:
		wreg, status,2, status,0, prodl, prodh
 Tracked objects:
		On entry : 
		On exit  : 
		Unchanged: 
 Data sizes:     COMRAM   BANK0   BANK1   BANK2   BANK3   BANK4   BANK5   BANK6   BANK7   BANK8   BANK9  BANK10  BANK11  BANK12  BANK13  BANK14  BANK15
      Params:         4       0       0       0       0       0       0       0       0       0       0       0       0       0       0       0       0
      Locals:         2       0       0       0       0       0       0       0       0       0       0       0       0       0       0       0       0
      Temps:          0       0       0       0       0       0       0       0       0       0       0       0       0       0       0       0       0
      Totals:         6       0       0       0       0       0       0       0       0       0       0       0       0       0       0       0       0
Total ram usage:        6 bytes
 Hardware stack levels used:    1
 This function calls:
		Nothing
 This function is called by:
		_LoadPalette
 This function uses a non-reentrant model


 *************** function _FPGARegs_WriteData *****************
 Defined at:
		line 46 in file "fpgaRegs.c"
 Parameters:    Size  Location     Type
  data            1    0[COMRAM] unsigned char 
 Auto vars:     Size  Location     Type
		None
 Return value:  Size  Location     Type
		None               void
 Registers used:
		wreg, status,2, status,0
 Tracked objects:
		On entry : 
		On exit  : 
		Unchanged: 
 Data sizes:     COMRAM   BANK0   BANK1   BANK2   BANK3   BANK4   BANK5   BANK6   BANK7   BANK8   BANK9  BANK10  BANK11  BANK12  BANK13  BANK14  BANK15
      Params:         1       0       0       0       0       0       0       0       0       0       0       0       0       0       0       0       0
      Locals:         0       0       0       0       0       0       0       0       0       0       0       0       0       0       0       0       0
      Temps:          0       0       0       0       0       0       0       0       0       0       0       0       0       0       0       0       0
      Totals:         1       0       0       0       0       0       0       0       0       0       0       0       0       0       0       0       0
Total ram usage:        1 bytes
 Hardware stack levels used:    1
 This function calls:
		Nothing
 This function is called by:
		_LoadPalette
 This function uses a non-reentrant model


 *************** function _FPGARegs_WriteAddress *****************
 Defined at:
		line 20 in file "fpgaRegs.c"
 Parameters:    Size  Location     Type
  addr            1    0[COMRAM] unsigned char 
 Auto vars:     Size  Location     Type
		None
 Return value:  Size  Location     Type
		None               void
 Registers used:
		wreg, status,2, status,0
 Tracked objects:
		On entry : 
		On exit  : 
		Unchanged: 
 Data sizes:     COMRAM   BANK0   BANK1   BANK2   BANK3   BANK4   BANK5   BANK6   BANK7   BANK8   BANK9  BANK10  BANK11  BANK12  BANK13  BANK14  BANK15
      Params:         1       0       0       0       0       0       0       0       0       0       0       0       0       0       0       0       0
      Locals:         0       0       0       0       0       0       0       0       0       0       0       0       0       0       0       0       0
      Temps:          0       0       0       0       0       0       0       0       0       0       0       0       0       0       0       0       0
      Totals:         1       0       0       0       0       0       0       0       0       0       0       0       0       0       0       0       0
Total ram usage:        1 bytes
 Hardware stack levels used:    1
 This function calls:
		Nothing
 This function is called by:
		_LoadPalette
		_main
 This function uses a non-reentrant model


 *************** function _SPIMemory_ReadData *****************
 Defined at:
		line 204 in file "spiMemory.c"
 Parameters:    Size  Location     Type
  startAddr       3    2[COMRAM] unsigned um
 Auto vars:     Size  Location     Type
  currCount       2    8[COMRAM] unsigned int 
 Return value:  Size  Location     Type
		None               void
 Registers used:
		wreg, fsr2l, fsr2h, status,2, status,0, cstack
 Tracked objects:
		On entry : 
		On exit  : 
		Unchanged: 
 Data sizes:     COMRAM   BANK0   BANK1   BANK2   BANK3   BANK4   BANK5   BANK6   BANK7   BANK8   BANK9  BANK10  BANK11  BANK12  BANK13  BANK14  BANK15
      Params:         3       0       0       0       0       0       0       0       0       0       0       0       0       0       0       0       0
      Locals:         2       0       0       0       0       0       0       0       0       0       0       0       0       0       0       0       0
      Temps:          3       0       0       0       0       0       0       0       0       0       0       0       0       0       0       0       0
      Totals:         8       0       0       0       0       0       0       0       0       0       0       0       0       0       0       0       0
Total ram usage:        8 bytes
 Hardware stack levels used:    1
 Hardware stack levels required when called:    1
 This function calls:
		_SPIMemory_SetCS
		_SPIMemory_UnsetCS
		_SPIMemory_DoRead
		_SPIMemory_DoWrite
 This function is called by:
		_LoadPalette
		_LoadFPGA
		_main
 This function uses a non-reentrant model


 *************** function _GetAutoChangePalette *****************
 Defined at:
		line 106 in file "programInfo.c"
 Parameters:    Size  Location     Type
		None
 Auto vars:     Size  Location     Type
		None
 Return value:  Size  Location     Type
                  1    wreg      unsigned char 
 Registers used:
		wreg, status,2, status,0, cstack
 Tracked objects:
		On entry : 
		On exit  : 
		Unchanged: 
 Data sizes:     COMRAM   BANK0   BANK1   BANK2   BANK3   BANK4   BANK5   BANK6   BANK7   BANK8   BANK9  BANK10  BANK11  BANK12  BANK13  BANK14  BANK15
      Params:         0       0       0       0       0       0       0       0       0       0       0       0       0       0       0       0       0
      Locals:         0       0       0       0       0       0       0       0       0       0       0       0       0       0       0       0       0
      Temps:          1       0       0       0       0       0       0       0       0       0       0       0       0       0       0       0       0
      Totals:         1       0       0       0       0       0       0       0       0       0       0       0       0       0       0       0       0
Total ram usage:        1 bytes
 Hardware stack levels used:    1
 Hardware stack levels required when called:    1
 This function calls:
		_Read_b_eep
 This function is called by:
		_LoadPalette
 This function uses a non-reentrant model


 *************** function _Read_b_eep *****************
 Defined at:
		line 36 in file "C:\Program Files (x86)\Microchip\xc8\v1.21\sources\pic18\plib\EEP\read_B.c"
 Parameters:    Size  Location     Type
  badd            2    0[COMRAM] unsigned int 
 Auto vars:     Size  Location     Type
		None
 Return value:  Size  Location     Type
                  1    wreg      unsigned char 
 Registers used:
		wreg, status,2, status,0
 Tracked objects:
		On entry : 
		On exit  : 
		Unchanged: 
 Data sizes:     COMRAM   BANK0   BANK1   BANK2   BANK3   BANK4   BANK5   BANK6   BANK7   BANK8   BANK9  BANK10  BANK11  BANK12  BANK13  BANK14  BANK15
      Params:         2       0       0       0       0       0       0       0       0       0       0       0       0       0       0       0       0
      Locals:         0       0       0       0       0       0       0       0       0       0       0       0       0       0       0       0       0
      Temps:          0       0       0       0       0       0       0       0       0       0       0       0       0       0       0       0       0
      Totals:         2       0       0       0       0       0       0       0       0       0       0       0       0       0       0       0       0
Total ram usage:        2 bytes
 Hardware stack levels used:    1
 This function calls:
		Nothing
 This function is called by:
		_WriteAutoloadProgram
		_WriteAutoloadFPGA
		_GetAutoloadFPGA
		_WriteAutoChangePalette
		_GetAutoChangePalette
		_GetFpgaImageSize
		_GetAutoloadProgram
		_WriteProgramWritten
		_GetProgramWritten
		_GetProgramStartAddr
		_GetProgramEndAddr
		_GetProgramChecksum
 This function uses a non-reentrant model


 *************** function _FPGA_Init *****************
 Defined at:
		line 73 in file "fpga.c"
 Parameters:    Size  Location     Type
		None
 Auto vars:     Size  Location     Type
		None
 Return value:  Size  Location     Type
		None               void
 Registers used:
		wreg, status,2, status,0
 Tracked objects:
		On entry : 
		On exit  : 
		Unchanged: 
 Data sizes:     COMRAM   BANK0   BANK1   BANK2   BANK3   BANK4   BANK5   BANK6   BANK7   BANK8   BANK9  BANK10  BANK11  BANK12  BANK13  BANK14  BANK15
      Params:         0       0       0       0       0       0       0       0       0       0       0       0       0       0       0       0       0
      Locals:         0       0       0       0       0       0       0       0       0       0       0       0       0       0       0       0       0
      Temps:          0       0       0       0       0       0       0       0       0       0       0       0       0       0       0       0       0
      Totals:         0       0       0       0       0       0       0       0       0       0       0       0       0       0       0       0       0
Total ram usage:        0 bytes
 Hardware stack levels used:    1
 This function calls:
		Nothing
 This function is called by:
		_main
 This function uses a non-reentrant model


 *************** function _Delay10KTCYx *****************
 Defined at:
		line 9 in file "C:\Program Files (x86)\Microchip\xc8\v1.21\sources\pic18\d10ktcyx.c"
 Parameters:    Size  Location     Type
  unit            1    0[COMRAM] unsigned char 
 Auto vars:     Size  Location     Type
		None
 Return value:  Size  Location     Type
		None               void
 Registers used:
		wreg
 Tracked objects:
		On entry : 
		On exit  : 
		Unchanged: 
 Data sizes:     COMRAM   BANK0   BANK1   BANK2   BANK3   BANK4   BANK5   BANK6   BANK7   BANK8   BANK9  BANK10  BANK11  BANK12  BANK13  BANK14  BANK15
      Params:         1       0       0       0       0       0       0       0       0       0       0       0       0       0       0       0       0
      Locals:         0       0       0       0       0       0       0       0       0       0       0       0       0       0       0       0       0
      Temps:          1       0       0       0       0       0       0       0       0       0       0       0       0       0       0       0       0
      Totals:         2       0       0       0       0       0       0       0       0       0       0       0       0       0       0       0       0
Total ram usage:        2 bytes
 Hardware stack levels used:    1
 This function calls:
		Nothing
 This function is called by:
		_main
		_SPIMemory_ReadStatus
 This function uses a non-reentrant model



MODULE INFORMATION

Module		Function		Class		Link	Load	Size
usbSerial.c
		_USB_FlushBuffe		CODE           	E836	0000	10
		_USB_SendHex   		CODE           	EC1C	0000	58
		_USB_SendChar  		CODE           	E840	0000	14
		_USB_SendString		CODE           	EA18	0000	44

usbSerial.c estimated size: 126

init.c
		_PeripheralInit		CODE           	EE04	0000	112

init.c estimated size: 112

C:\Program Files (x86)\Microchip\xc8\v1.21\sources\common\wmul.c
		___wmul        		CODE           	EBA8	0000	58

C:\Program Files (x86)\Microchip\xc8\v1.21\sources\common\wmul.c estimated size: 58

C:\Program Files (x86)\Microchip\xc8\v1.21\sources\pic18\plib\EEP\read_B.c
		_Read_b_eep    		CODE           	E888	0000	24

C:\Program Files (x86)\Microchip\xc8\v1.21\sources\pic18\plib\EEP\read_B.c estimated size: 24

shared
		__stringdata   		MEDIUMCONST    	FEC2	0000	316
		__initializatio		CODE           	ED1A	0000	64

shared estimated size: 380

fpgaRegs.c
		_FPGARegs_Init 		CODE           	E82C	0000	10
		_FPGARegs_ReadD		CODE           	EA44	0000	46
		_FPGARegs_Write		CODE           	E9D0	0000	34
		_FPGARegs_Write		CODE           	E9AE	0000	34

fpgaRegs.c estimated size: 124

C:\Program Files (x86)\Microchip\xc8\v1.21\sources\pic18\plib\EEP\write_B.c
		_Write_b_eep   		CODE           	EC92	0000	66

C:\Program Files (x86)\Microchip\xc8\v1.21\sources\pic18\plib\EEP\write_B.c estimated size: 66

C:\Program Files (x86)\Microchip\xc8\v1.21\sources\common\strcmp.c
		_strcmp        		CODE           	ECD4	0000	70

C:\Program Files (x86)\Microchip\xc8\v1.21\sources\common\strcmp.c estimated size: 70

C:\Program Files (x86)\Microchip\xc8\v1.21\sources\pic18\plib\EEP\busy_eep.c
		_Busy_eep      		CODE           	E7E0	0000	6

C:\Program Files (x86)\Microchip\xc8\v1.21\sources\pic18\plib\EEP\busy_eep.c estimated size: 6

main.c
		_main          		CODE           	F54E	0000	2420
		_LoadFPGA      		CODE           	F000	0000	178
		_LoadPalette   		CODE           	F16C	0000	404

main.c estimated size: 3002

intelHex.c
		_ParseIntelHex 		CODE           	F300	0000	590
		_HexToByte     		CODE           	EA72	0000	46

intelHex.c estimated size: 636

C:\Program Files (x86)\Microchip\xc8\v1.21\sources\common\strlen.c
		_strlen        		CODE           	EBE2	0000	58

C:\Program Files (x86)\Microchip\xc8\v1.21\sources\common\strlen.c estimated size: 58

fpga.c
		_FPGA_UnsetProg		CODE           	E7EE	0000	8
		_FPGA_EndConfig		CODE           	EC56	0000	60
		_FPGA_Init     		CODE           	E85E	0000	20
		_FPGA_DoWrite  		CODE           	E8A0	0000	24
		_FPGA_ReadDone 		CODE           	E80E	0000	10
		_FPGA_ReadInitB		CODE           	E818	0000	10
		_FPGA_SetProgra		CODE           	E7E6	0000	8
		_FPGA_BeginConf		CODE           	E936	0000	30

fpga.c estimated size: 170

spiMemory.c
		_SPIMemory_Writ		CODE           	E990	0000	30
		_SPIMemory_SetC		CODE           	E7FE	0000	8
		_SPIMemory_Page		CODE           	EE74	0000	124
		_SPIMemory_Read		CODE           	EB3C	0000	54
		_SPIMemory_Wait		CODE           	E84E	0000	16
		_SPIMemory_Sect		CODE           	ED64	0000	76
		_SPIMemory_Unse		CODE           	E806	0000	8
		_SPIMemory_Bulk		CODE           	E972	0000	30
		_SPIMemory_Read		CODE           	EB72	0000	54
		_SPIMemory_DoRe		CODE           	E91C	0000	26
		_SPIMemory_Writ		CODE           	E954	0000	30
		_SPIMemory_Writ		CODE           	E9F2	0000	38
		_SPIMemory_SetH		CODE           	E7F6	0000	8
		_SPIMemory_DoWr		CODE           	E8D0	0000	24
		_SPIMemory_Init		CODE           	E8B8	0000	24
		_SPIMemory_Read		CODE           	EEF0	0000	128

spiMemory.c estimated size: 678

C:\Program Files (x86)\Microchip\xc8\v1.21\sources\pic18\d10ktcyx.c
		_Delay10KTCYx  		CODE           	E872	0000	22

C:\Program Files (x86)\Microchip\xc8\v1.21\sources\pic18\d10ktcyx.c estimated size: 22

serialTerminal.c
		_SerialTerm_Get		CODE           	F0B2	0000	186
		_SerialTerm_Ini		CODE           	E822	0000	10

serialTerminal.c estimated size: 196

programInfo.c
		_GetAutoChangeP		CODE           	E8E8	0000	26
		_GetAutoloadFPG		CODE           	E902	0000	26
		_WriteAutoloadP		CODE           	EAA0	0000	52
		_WriteAutoChang		CODE           	EB08	0000	52
		_GetFpgaImageSi		CODE           	EF70	0000	144
		_WriteAutoloadF		CODE           	EAD4	0000	52
		_WriteFpgaImage		CODE           	EDB0	0000	84

programInfo.c estimated size: 436

